#
# There is insufficient memory for the Java Runtime Environment to continue.
# Native memory allocation (mmap) failed to map 8323072 bytes for G1 virtual space
# Possible reasons:
#   The system is out of physical RAM or swap space
#   The process is running with CompressedOops enabled, and the Java Heap may be blocking the growth of the native heap
# Possible solutions:
#   Reduce memory load on the system
#   Increase physical memory or swap space
#   Check if swap backing store is full
#   Decrease Java heap size (-Xmx/-Xms)
#   Decrease number of Java threads
#   Decrease Java thread stack sizes (-Xss)
#   Set larger code cache with -XX:ReservedCodeCacheSize=
#   JVM is running with Zero Based Compressed Oops mode in which the Java heap is
#     placed in the first 32GB address space. The Java Heap base address is the
#     maximum limit for the native heap growth. Please use -XX:HeapBaseMinAddress
#     to set the Java Heap base and to place the Java Heap above 32GB virtual address.
# This output file may be truncated or incomplete.
#
#  Out of Memory Error (os_windows.cpp:3769), pid=17280, tid=892
#
# JRE version:  (17.0.6+1) (build )
# Java VM: OpenJDK 64-Bit Server VM (17.0.6+1-b653.34, mixed mode, sharing, tiered, compressed oops, compressed class ptrs, g1 gc, windows-amd64)
# No core dump will be written. Minidumps are not enabled by default on client versions of Windows
#

---------------  S U M M A R Y ------------

Command Line: git4idea.http.GitAskPassApp Username for 'https://gitee.com': 

Host: 12th Gen Intel(R) Core(TM) i9-12900, 24 cores, 31G,  Windows 10 , 64 bit Build 19041 (10.0.19041.4717)
Time: Wed Sep 16 13:49:07 2026  Windows 10 , 64 bit Build 19041 (10.0.19041.4717) elapsed time: 0.036068 seconds (0d 0h 0m 0s)

---------------  T H R E A D  ---------------

Current thread (0x0000017f3ba77c80):  JavaThread "Unknown thread" [_thread_in_vm, id=892, stack(0x0000006565000000,0x0000006565100000)]

Stack: [0x0000006565000000,0x0000006565100000]
Native frames: (J=compiled Java code, j=interpreted, Vv=VM code, C=native code)
V  [jvm.dll+0x683b4a]
V  [jvm.dll+0x842654]
V  [jvm.dll+0x843dfe]
V  [jvm.dll+0x844463]
V  [jvm.dll+0x249b75]
V  [jvm.dll+0x680a19]
V  [jvm.dll+0x674f0a]
V  [jvm.dll+0x309acb]
V  [jvm.dll+0x310f86]
V  [jvm.dll+0x360918]
V  [jvm.dll+0x360b1f]
V  [jvm.dll+0x2dfbf8]
V  [jvm.dll+0x2e0b64]
V  [jvm.dll+0x813f41]
V  [jvm.dll+0x36e6a1]
V  [jvm.dll+0x7f347c]
V  [jvm.dll+0x3f0e8f]
V  [jvm.dll+0x3f29d1]
C  [jli.dll+0x526b]
C  [ucrtbase.dll+0x21bb2]
C  [KERNEL32.DLL+0x17374]
C  [ntdll.dll+0x4cc91]


---------------  P R O C E S S  ---------------

Threads class SMR info:
_java_thread_list=0x00007ffc201ac058, length=0, elements={
}

Java Threads: ( => current thread )

Other Threads:
  0x0000017f3baa7de0 GCTaskThread "GC Thread#0" [stack: 0x0000006565100000,0x0000006565200000] [id=54000]
  0x0000017f3ba96920 ConcurrentGCThread "G1 Main Marker" [stack: 0x0000006565200000,0x0000006565300000] [id=26224]
  0x0000017f3bab8f60 ConcurrentGCThread "G1 Conc#0" [stack: 0x0000006565300000,0x0000006565400000] [id=34020]

[error occurred during error reporting (printing all threads), id 0xc0000005, EXCEPTION_ACCESS_VIOLATION (0xc0000005) at pc=0x00007ffc1f960797]

VM state: not at safepoint (not fully initialized)

VM Mutex/Monitor currently owned by a thread:  ([mutex/lock_event])
[0x0000017f3ba72ad0] Heap_lock - owner thread: 0x0000017f3ba77c80

Heap address: 0x0000000604800000, size: 8120 MB, Compressed Oops mode: Zero based, Oop shift amount: 3

CDS archive(s) mapped at: [0x0000000000000000-0x0000000000000000-0x0000000000000000), size 0, SharedBaseAddress: 0x0000000800000000, ArchiveRelocationMode: 0.
Narrow klass base: 0x0000000000000000, Narrow klass shift: 0, Narrow klass range: 0x0

GC Precious Log:
<Empty>

Heap:
 garbage-first heap   total 0K, used 0K [0x0000000604800000, 0x0000000800000000)
  region size 4096K, 0 young (0K), 0 survivors (0K)

[error occurred during error reporting (printing heap information), id 0xc0000005, EXCEPTION_ACCESS_VIOLATION (0xc0000005) at pc=0x00007ffc1fd4d939]

GC Heap History (0 events):
No events

Dll operation events (1 events):
Event: 0.026 Loaded shared library D:\pycharm\PyCharm 2022.3.3\jbr\bin\java.dll

Deoptimization events (0 events):
No events

Classes unloaded (0 events):
No events

Classes redefined (0 events):
No events

Internal exceptions (0 events):
No events

VM Operations (0 events):
No events

Events (0 events):
No events


Dynamic libraries:
0x00007ff7c7230000 - 0x00007ff7c723a000 	D:\pycharm\PyCharm 2022.3.3\jbr\bin\java.exe
0x00007ffc85fd0000 - 0x00007ffc861c8000 	C:\Windows\SYSTEM32\ntdll.dll
0x00007ffc85010000 - 0x00007ffc850d1000 	C:\Windows\System32\KERNEL32.DLL
0x00007ffc83c40000 - 0x00007ffc83f3d000 	C:\Windows\System32\KERNELBASE.dll
0x00007ffc83730000 - 0x00007ffc83830000 	C:\Windows\System32\ucrtbase.dll
0x00007ffc60af0000 - 0x00007ffc60b07000 	D:\pycharm\PyCharm 2022.3.3\jbr\bin\jli.dll
0x00007ffc844d0000 - 0x00007ffc8466d000 	C:\Windows\System32\USER32.dll
0x00007ffc83be0000 - 0x00007ffc83c02000 	C:\Windows\System32\win32u.dll
0x00007ffc856c0000 - 0x00007ffc856eb000 	C:\Windows\System32\GDI32.dll
0x00007ffc83830000 - 0x00007ffc83947000 	C:\Windows\System32\gdi32full.dll
0x00007ffc83ab0000 - 0x00007ffc83b4d000 	C:\Windows\System32\msvcp_win.dll
0x00007ffc60ee0000 - 0x00007ffc60efb000 	D:\pycharm\PyCharm 2022.3.3\jbr\bin\VCRUNTIME140.dll
0x00007ffc6a050000 - 0x00007ffc6a2ea000 	C:\Windows\WinSxS\amd64_microsoft.windows.common-controls_6595b64144ccf1df_6.0.19041.4355_none_60b8b9eb71f62e16\COMCTL32.dll
0x00007ffc851d0000 - 0x00007ffc8526e000 	C:\Windows\System32\msvcrt.dll
0x00007ffc84000000 - 0x00007ffc8402f000 	C:\Windows\System32\IMM32.DLL
0x00007ffc1bb90000 - 0x00007ffc1c203000 	C:\Program Files\McAfee\DLP\Agent\fcagpph64.dll
0x00007ffc85ed0000 - 0x00007ffc85f80000 	C:\Windows\System32\ADVAPI32.dll
0x00007ffc85470000 - 0x00007ffc85510000 	C:\Windows\System32\sechost.dll
0x00007ffc858c0000 - 0x00007ffc859e3000 	C:\Windows\System32\RPCRT4.dll
0x00007ffc83c10000 - 0x00007ffc83c37000 	C:\Windows\System32\bcrypt.dll
0x00007ffc84670000 - 0x00007ffc84ddf000 	C:\Windows\System32\SHELL32.dll
0x00007ffc85270000 - 0x00007ffc8539b000 	C:\Windows\System32\ole32.dll
0x00007ffc84150000 - 0x00007ffc844a3000 	C:\Windows\System32\combase.dll
0x00007ffc840f0000 - 0x00007ffc84145000 	C:\Windows\System32\SHLWAPI.dll
0x00007ffc85160000 - 0x00007ffc851cb000 	C:\Windows\System32\WS2_32.dll
0x00007ffc853a0000 - 0x00007ffc8546d000 	C:\Windows\System32\OLEAUT32.dll
0x00007ffc7f250000 - 0x00007ffc7f264000 	C:\Windows\SYSTEM32\WTSAPI32.dll
0x00007ffc69fa0000 - 0x00007ffc6a044000 	C:\Windows\SYSTEM32\WINSPOOL.DRV
0x00007ffc84030000 - 0x00007ffc840dd000 	C:\Windows\System32\shcore.dll
0x00007ffc7cb90000 - 0x00007ffc7cb9a000 	C:\Windows\SYSTEM32\VERSION.dll
0x00007ffc827f0000 - 0x00007ffc82823000 	C:\Windows\SYSTEM32\ntmarta.dll
0x00007ffc1a9b0000 - 0x00007ffc1b00e000 	C:\Program Files\McAfee\DLP\Agent\fcagcbh64.dll
0x00007ffc7d960000 - 0x00007ffc7d96c000 	D:\pycharm\PyCharm 2022.3.3\jbr\bin\vcruntime140_1.dll
0x00007ffc44ff0000 - 0x00007ffc4507d000 	D:\pycharm\PyCharm 2022.3.3\jbr\bin\msvcp140.dll
0x00007ffc1f670000 - 0x00007ffc202dd000 	D:\pycharm\PyCharm 2022.3.3\jbr\bin\server\jvm.dll
0x00007ffc5ae90000 - 0x00007ffc5ae99000 	C:\Windows\SYSTEM32\WSOCK32.dll
0x00007ffc777d0000 - 0x00007ffc777f7000 	C:\Windows\SYSTEM32\WINMM.dll
0x00007ffc82030000 - 0x00007ffc82042000 	C:\Windows\SYSTEM32\kernel.appcore.dll
0x00007ffc7cba0000 - 0x00007ffc7cbaa000 	D:\pycharm\PyCharm 2022.3.3\jbr\bin\jimage.dll
0x00007ffc81080000 - 0x00007ffc81264000 	C:\Windows\SYSTEM32\DBGHELP.DLL
0x00007ffc55710000 - 0x00007ffc55744000 	C:\Windows\SYSTEM32\dbgcore.DLL
0x00007ffc83b50000 - 0x00007ffc83bd2000 	C:\Windows\System32\bcryptPrimitives.dll
0x00007ffc60f70000 - 0x00007ffc60f95000 	D:\pycharm\PyCharm 2022.3.3\jbr\bin\java.dll

dbghelp: loaded successfully - version: 4.0.5 - missing functions: none
symbol engine: initialized successfully - sym options: 0x614 - pdb path: .;D:\pycharm\PyCharm 2022.3.3\jbr\bin;C:\Windows\SYSTEM32;C:\Windows\WinSxS\amd64_microsoft.windows.common-controls_6595b64144ccf1df_6.0.19041.4355_none_60b8b9eb71f62e16;C:\Program Files\McAfee\DLP\Agent;D:\pycharm\PyCharm 2022.3.3\jbr\bin\server

VM Arguments:
java_command: git4idea.http.GitAskPassApp Username for 'https://gitee.com': 
java_class_path (initial): D:/pycharm/PyCharm 2022.3.3/plugins/vcs-git/lib/git4idea-rt.jar;D:/pycharm/PyCharm 2022.3.3/lib/externalProcess-rt.jar;D:/pycharm/PyCharm 2022.3.3/lib/app.jar;D:/pycharm/PyCharm 2022.3.3/lib/3rd-party-rt.jar
Launcher Type: SUN_STANDARD

[Global flags]
     intx CICompilerCount                          = 12                                        {product} {ergonomic}
     uint ConcGCThreads                            = 5                                         {product} {ergonomic}
     uint G1ConcRefinementThreads                  = 18                                        {product} {ergonomic}
   size_t G1HeapRegionSize                         = 4194304                                   {product} {ergonomic}
    uintx GCDrainStackTargetSize                   = 64                                        {product} {ergonomic}
   size_t InitialHeapSize                          = 532676608                                 {product} {ergonomic}
   size_t MarkStackSize                            = 4194304                                   {product} {ergonomic}
   size_t MaxHeapSize                              = 8514437120                                {product} {ergonomic}
   size_t MinHeapDeltaBytes                        = 4194304                                   {product} {ergonomic}
   size_t MinHeapSize                              = 8388608                                   {product} {ergonomic}
    uintx NonNMethodCodeHeapSize                   = 7602480                                {pd product} {ergonomic}
    uintx NonProfiledCodeHeapSize                  = 122027880                              {pd product} {ergonomic}
    uintx ProfiledCodeHeapSize                     = 122027880                              {pd product} {ergonomic}
    uintx ReservedCodeCacheSize                    = 251658240                              {pd product} {ergonomic}
     bool SegmentedCodeCache                       = true                                      {product} {ergonomic}
   size_t SoftMaxHeapSize                          = 8514437120                             {manageable} {ergonomic}
     bool UseCompressedClassPointers               = true                           {product lp64_product} {ergonomic}
     bool UseCompressedOops                        = true                           {product lp64_product} {ergonomic}
     bool UseG1GC                                  = true                                      {product} {ergonomic}
     bool UseLargePagesIndividualAllocation        = false                                  {pd product} {ergonomic}

Logging:
Log output configuration:
 #0: stdout all=warning uptime,level,tags
 #1: stderr all=off uptime,level,tags

Environment Variables:
PATH=D:\git\Git\mingw64\libexec\git-core;D:\git\Git\mingw64\libexec\git-core;D:\git\Git\mingw64\bin;D:\git\Git\usr\bin;C:\Users\Administrator\bin;C:\Program Files\YunShu\utils;C:\Python314\Scripts;C:\Python314;C:\Program Files\Common Files\Oracle\Java\javapath;C:\Program Files (x86)\Common Files\Oracle\Java\java8path;C:\Program Files (x86)\Common Files\Oracle\Java\javapath;C:\Windows\system32;C:\Windows;C:\Windows\System32\Wbem;C:\Windows\System32\WindowsPowerShell\v1.0;C:\Windows\System32\OpenSSH;C:\Program Files (x86)\CADSeePlus;C:\Oracle\ora90\BIN;C:\Program Files (x86)\Intel\Intel(R) Management Engine Components\DAL;C:\Program Files\Intel\Intel(R) Management Engine Components\DAL;D:\git\Git\cmd;D:\miniconda\condabin;D:\miniconda\Scripts;D:\Windows Kits\10\Windows Performance Toolkit;D:\nvm\nvm;D:\nvm\nodejs;D:\tomcat\apache-tomcat-9.0.102\bin;D:\maven\apache-maven-3.9.9\bin;C:\ProgramData\chocolatey\bin;D:\golang\bin;C:\Users\Administrator\AppData\Local\Microsoft\WindowsApps;D:\nvm\nvm;D:\nvm\nodejs;C:\Users\Administrator\AppData\Local\Microsoft\WinGet\Links;C:\Users\Administrator\go\bin;D:\uv
USERNAME=10061147
DISPLAY=:0.0
LC_ALL=en_US.UTF-8
TERM=xterm-256color
TMPDIR=C:\Users\ADMINI~1\AppData\Local\Temp
OS=Windows_NT
PROCESSOR_IDENTIFIER=Intel64 Family 6 Model 151 Stepping 2, GenuineIntel
TMP=C:\Users\ADMINI~1\AppData\Local\Temp
TEMP=C:\Users\ADMINI~1\AppData\Local\Temp



---------------  S Y S T E M  ---------------

OS:
 Windows 10 , 64 bit Build 19041 (10.0.19041.4717)
OS uptime: 32 days 22:15 hours

CPU: total 24 (initial active 24) (12 cores per cpu, 2 threads per core) family 6 model 151 stepping 2 microcode 0x26, cx8, cmov, fxsr, ht, mmx, 3dnowpref, sse, sse2, sse3, ssse3, sse4.1, sse4.2, popcnt, lzcnt, tsc, tscinvbit, avx, avx2, aes, erms, clmul, bmi1, bmi2, adx, sha, fma, vzeroupper, clflush, clflushopt, clwb

Memory: 4k page, system-wide physical 32473M (3470M free)
TotalPageFile size 62958M (AvailPageFile size 8M)
current process WorkingSet (physical memory assigned to process): 15M, peak: 15M
current process commit charge ("private bytes"): 604M, peak: 612M

vm_info: OpenJDK 64-Bit Server VM (17.0.6+1-b653.34) for windows-amd64 JRE (17.0.6+1-b653.34), built on 2023-02-24 by "builduser" with MS VC++ 16.10 / 16.11 (VS2019)

END.
